Creating test database for alias 'default'...
............................
----------------------------------------------------------------------
Ran 28 tests in 62.572s

OK
Destroying test database for alias 'default'...
